../Core/Src/main.c:68:6:HAL_TIM_IC_CaptureCallback	16	static
../Core/Src/main.c:72:6:HAL_GPIO_EXTI_Callback	16	static
../Core/Src/main.c:113:6:HAL_TIM_PeriodElapsedCallback	24	static
../Core/Src/main.c:137:6:setMotor	16	static
../Core/Src/main.c:162:5:main	8	static
../Core/Src/main.c:221:6:SystemClock_Config	80	static
../Core/Src/main.c:258:13:MX_TIM2_Init	32	static
../Core/Src/main.c:303:13:MX_TIM3_Init	64	static
../Core/Src/main.c:362:13:MX_TIM4_Init	56	static
../Core/Src/main.c:411:13:MX_GPIO_Init	40	static
../Core/Src/main.c:456:6:Error_Handler	4	static,ignoring_inline_asm
