<html>
<body>
<pre>
<h1>µVision Build Log</h1>
<h2>Tool Versions:</h2>
IDE-Version: µVision V5.38.0.0
Copyright (C) 2022 ARM Ltd and ARM Germany GmbH. All rights reserved.
License Information: Hoang Nguyen Hai, Ho Chi Minh City University of Technology and Education, LIC=----
 
Tool Versions:
Toolchain:       MDK-Lite  Version: 5.38.0.0
Toolchain Path:  C:\Keil_v5\ARM\ARMCLANG\Bin
C Compiler:      ArmClang.exe V6.19
Assembler:       Armasm.exe V6.19
Linker/Locator:  ArmLink.exe V6.19
Library Manager: ArmAr.exe V6.19
Hex Converter:   FromElf.exe V6.19
CPU DLL:         SARMCM3.DLL V5.38.0.0
Dialog DLL:      DCM.DLL V1.17.5.0
Target DLL:      STLink\ST-LINKIII-KEIL_SWO.dll V3.1.0.0
Dialog DLL:      TCM.DLL V1.56.4.0
 
<h2>Project:</h2>
C:\Users\LENOVO\Desktop\BT1_E303\MDK-ARM\BT1_E303.uvprojx
Project File Date:  02/15/2023

<h2>Output:</h2>
*** Using Compiler 'V6.19', folder: 'C:\Keil_v5\ARM\ARMCLANG\Bin'
Rebuild target 'BT1_E303'
compiling stm32f2xx_hal_msp.c...
compiling stm32f2xx_hal_tim_ex.c...
assembling startup_stm32f205xx.s...
compiling stm32f2xx_hal_cortex.c...
compiling stm32f2xx_hal_rcc.c...
compiling stm32f2xx_hal_tim.c...
compiling stm32f2xx_it.c...
compiling main.c...
compiling LED.c...
compiling stm32f2xx_hal.c...
compiling stm32f2xx_hal_rcc_ex.c...
compiling stm32f2xx_hal_flash.c...
compiling stm32f2xx_hal_flash_ex.c...
compiling stm32f2xx_hal_pwr.c...
compiling stm32f2xx_hal_pwr_ex.c...
compiling system_stm32f2xx.c...
compiling stm32f2xx_hal_exti.c...
compiling stm32f2xx_hal_gpio.c...
compiling stm32f2xx_hal_dma_ex.c...
compiling stm32f2xx_hal_dma.c...
linking...
Program Size: Code=3484 RO-data=436 RW-data=16 ZI-data=1640  
FromELF: creating hex file...
"BT1_E303\BT1_E303.axf" - 0 Error(s), 0 Warning(s).

<h2>Software Packages used:</h2>

Package Vendor: ARM
                http://www.keil.com/pack/ARM.CMSIS.5.9.0.pack
                ARM.CMSIS.5.9.0
                CMSIS (Common Microcontroller Software Interface Standard)
   * Component: CORE Version: 5.6.0

Package Vendor: Keil
                http://www.keil.com/pack/Keil.STM32F2xx_DFP.2.10.0.pack
                Keil.STM32F2xx_DFP.2.10.0
                STMicroelectronics STM32F2 Series Device Support, Drivers and Examples

<h2>Collection of Component include folders:</h2>
  ./RTE/_BT1_E303
  C:/Users/LENOVO/AppData/Local/Arm/Packs/ARM/CMSIS/5.9.0/CMSIS/Core/Include
  C:/Users/LENOVO/AppData/Local/Arm/Packs/Keil/STM32F2xx_DFP/2.10.0/Drivers/CMSIS/Device/ST/STM32F2xx/Include

<h2>Collection of Component Files used:</h2>

   * Component: ARM::CMSIS:CORE:5.6.0
      Include file:  CMSIS/Core/Include/tz_context.h
Build Time Elapsed:  00:00:01
</pre>
</body>
</html>
