16:56:33 **** Incremental Build of configuration Debug for project Position_PID_E1_307 ****
make -j8 all 
arm-none-eabi-size   Position_PID_E1_307.elf 
   text	   data	    bss	    dec	    hex	filename
  14252	     32	   1752	  16036	   3ea4	Position_PID_E1_307.elf
Finished building: default.size.stdout
 
16:56:44 **** Incremental Build of configuration Debug for project Position_PID_E1_307 ****
make -j8 all 
arm-none-eabi-size   Position_PID_E1_307.elf 
   text	   data	    bss	    dec	    hex	filename
  14252	     32	   1752	  16036	   3ea4	Position_PID_E1_307.elf
Finished building: default.size.stdout
 
16:57:02 **** Incremental Build of configuration Debug for project Position_PID_E1_307 ****
make -j8 all 
arm-none-eabi-size   Position_PID_E1_307.elf 
   text	   data	    bss	    dec	    hex	filename
  14252	     32	   1752	  16036	   3ea4	Position_PID_E1_307.elf
Finished building: default.size.stdout
 
17:00:14 **** Incremental Build of configuration Debug for project Position_PID_E1_307 ****
make -j8 all 
arm-none-eabi-size   Position_PID_E1_307.elf 
   text	   data	    bss	    dec	    hex	filename
  14252	     32	   1752	  16036	   3ea4	Position_PID_E1_307.elf
Finished building: default.size.stdout
 
17:01:41 **** Incremental Build of configuration Debug for project Position_PID_E1_307 ****
make -j8 all 
arm-none-eabi-size   Position_PID_E1_307.elf 
   text	   data	    bss	    dec	    hex	filename
  14252	     32	   1752	  16036	   3ea4	Position_PID_E1_307.elf
Finished building: default.size.stdout
 
17:09:56 **** Incremental Build of configuration Debug for project Position_PID_E1_307 ****
make -j8 all 
arm-none-eabi-gcc "../Core/Src/main.c" -mcpu=cortex-m3 -std=gnu11 -g3 -DDEBUG -DUSE_HAL_DRIVER -DSTM32F205xx -c -I../Core/Inc -I../Drivers/STM32F2xx_HAL_Driver/Inc -I../Drivers/STM32F2xx_HAL_Driver/Inc/Legacy -I../Drivers/CMSIS/Device/ST/STM32F2xx/Include -I../Drivers/CMSIS/Include -O0 -ffunction-sections -fdata-sections -Wall -fstack-usage -MMD -MP -MF"Core/Src/main.d" -MT"Core/Src/main.o" --specs=nano.specs -mfloat-abi=soft -mthumb -o "Core/Src/main.o"
arm-none-eabi-gcc -o "Position_PID_E1_307.elf" @"objects.list"   -mcpu=cortex-m3 -T"C:\Users\ADMIN\Desktop\Practice Micro in UTE\Position_PID_E1_307\STM32F205VCTX_FLASH.ld" --specs=nosys.specs -Wl,-Map="Position_PID_E1_307.map" -Wl,--gc-sections -static --specs=nano.specs -mfloat-abi=soft -mthumb -Wl,--start-group -lc -lm -Wl,--end-group
Finished building target: Position_PID_E1_307.elf
 
arm-none-eabi-size   Position_PID_E1_307.elf 
arm-none-eabi-objdump -h -S  Position_PID_E1_307.elf  > "Position_PID_E1_307.list"
   text	   data	    bss	    dec	    hex	filename
  14252	     32	   1752	  16036	   3ea4	Position_PID_E1_307.elf
Finished building: default.size.stdout
 
Finished building: Position_PID_E1_307.list
 
17:11:30 **** Incremental Build of configuration Debug for project Position_PID_E1_307 ****
make -j8 all 
arm-none-eabi-size   Position_PID_E1_307.elf 
   text	   data	    bss	    dec	    hex	filename
  14252	     32	   1752	  16036	   3ea4	Position_PID_E1_307.elf
Finished building: default.size.stdout
 
17:13:19 **** Incremental Build of configuration Debug for project Position_PID_E1_307 ****
make -j8 all 
arm-none-eabi-size   Position_PID_E1_307.elf 
   text	   data	    bss	    dec	    hex	filename
  14252	     32	   1752	  16036	   3ea4	Position_PID_E1_307.elf
Finished building: default.size.stdout
 
17:14:54 **** Incremental Build of configuration Debug for project Position_PID_E1_307 ****
make -j8 all 
arm-none-eabi-size   Position_PID_E1_307.elf 
   text	   data	    bss	    dec	    hex	filename
  14252	     32	   1752	  16036	   3ea4	Position_PID_E1_307.elf
Finished building: default.size.stdout
 
17:15:46 **** Incremental Build of configuration Debug for project Position_PID_E1_307 ****
make -j8 all 
arm-none-eabi-size   Position_PID_E1_307.elf 
   text	   data	    bss	    dec	    hex	filename
  14252	     32	   1752	  16036	   3ea4	Position_PID_E1_307.elf
Finished building: default.size.stdout
 
17:18:24 **** Incremental Build of configuration Debug for project Position_PID_E1_307 ****
make -j8 all 
arm-none-eabi-size   Position_PID_E1_307.elf 
   text	   data	    bss	    dec	    hex	filename
  14252	     32	   1752	  16036	   3ea4	Position_PID_E1_307.elf
Finished building: default.size.stdout
 
17:19:54 **** Incremental Build of configuration Debug for project Position_PID_E1_307 ****
make -j8 all 
arm-none-eabi-size   Position_PID_E1_307.elf 
   text	   data	    bss	    dec	    hex	filename
  14252	     32	   1752	  16036	   3ea4	Position_PID_E1_307.elf
Finished building: default.size.stdout
 
17:37:28 **** Incremental Build of configuration Debug for project Position_PID_E1_307 ****
make -j8 all 
arm-none-eabi-gcc "../Core/Src/main.c" -mcpu=cortex-m3 -std=gnu11 -g3 -DDEBUG -DUSE_HAL_DRIVER -DSTM32F205xx -c -I../Core/Inc -I../Drivers/STM32F2xx_HAL_Driver/Inc -I../Drivers/STM32F2xx_HAL_Driver/Inc/Legacy -I../Drivers/CMSIS/Device/ST/STM32F2xx/Include -I../Drivers/CMSIS/Include -O0 -ffunction-sections -fdata-sections -Wall -fstack-usage -MMD -MP -MF"Core/Src/main.d" -MT"Core/Src/main.o" --specs=nano.specs -mfloat-abi=soft -mthumb -o "Core/Src/main.o"
arm-none-eabi-gcc "../Core/Src/stm32f2xx_hal_msp.c" -mcpu=cortex-m3 -std=gnu11 -g3 -DDEBUG -DUSE_HAL_DRIVER -DSTM32F205xx -c -I../Core/Inc -I../Drivers/STM32F2xx_HAL_Driver/Inc -I../Drivers/STM32F2xx_HAL_Driver/Inc/Legacy -I../Drivers/CMSIS/Device/ST/STM32F2xx/Include -I../Drivers/CMSIS/Include -O0 -ffunction-sections -fdata-sections -Wall -fstack-usage -MMD -MP -MF"Core/Src/stm32f2xx_hal_msp.d" -MT"Core/Src/stm32f2xx_hal_msp.o" --specs=nano.specs -mfloat-abi=soft -mthumb -o "Core/Src/stm32f2xx_hal_msp.o"
arm-none-eabi-gcc "../Core/Src/stm32f2xx_it.c" -mcpu=cortex-m3 -std=gnu11 -g3 -DDEBUG -DUSE_HAL_DRIVER -DSTM32F205xx -c -I../Core/Inc -I../Drivers/STM32F2xx_HAL_Driver/Inc -I../Drivers/STM32F2xx_HAL_Driver/Inc/Legacy -I../Drivers/CMSIS/Device/ST/STM32F2xx/Include -I../Drivers/CMSIS/Include -O0 -ffunction-sections -fdata-sections -Wall -fstack-usage -MMD -MP -MF"Core/Src/stm32f2xx_it.d" -MT"Core/Src/stm32f2xx_it.o" --specs=nano.specs -mfloat-abi=soft -mthumb -o "Core/Src/stm32f2xx_it.o"
arm-none-eabi-gcc -o "Position_PID_E1_307.elf" @"objects.list"   -mcpu=cortex-m3 -T"C:\Users\ADMIN\Desktop\Practice Micro in UTE\Position_PID_E1_307\STM32F205VCTX_FLASH.ld" --specs=nosys.specs -Wl,-Map="Position_PID_E1_307.map" -Wl,--gc-sections -static --specs=nano.specs -mfloat-abi=soft -mthumb -Wl,--start-group -lc -lm -Wl,--end-group
Finished building target: Position_PID_E1_307.elf
 
arm-none-eabi-size   Position_PID_E1_307.elf 
arm-none-eabi-objdump -h -S  Position_PID_E1_307.elf  > "Position_PID_E1_307.list"
   text	   data	    bss	    dec	    hex	filename
  15260	     32	   1824	  17116	   42dc	Position_PID_E1_307.elf
Finished building: default.size.stdout
 
Finished building: Position_PID_E1_307.list
 
17:40:17 **** Incremental Build of configuration Debug for project Position_PID_E1_307 ****
make -j8 all 
arm-none-eabi-size   Position_PID_E1_307.elf 
   text	   data	    bss	    dec	    hex	filename
  15260	     32	   1824	  17116	   42dc	Position_PID_E1_307.elf
Finished building: default.size.stdout
 
17:43:16 **** Incremental Build of configuration Debug for project Position_PID_E1_307 ****
make -j8 all 
arm-none-eabi-size   Position_PID_E1_307.elf 
   text	   data	    bss	    dec	    hex	filename
  15260	     32	   1824	  17116	   42dc	Position_PID_E1_307.elf
Finished building: default.size.stdout
 
17:48:22 **** Incremental Build of configuration Debug for project Position_PID_E1_307 ****
make -j8 all 
arm-none-eabi-gcc "../Core/Src/main.c" -mcpu=cortex-m3 -std=gnu11 -g3 -DDEBUG -DUSE_HAL_DRIVER -DSTM32F205xx -c -I../Core/Inc -I../Drivers/STM32F2xx_HAL_Driver/Inc -I../Drivers/STM32F2xx_HAL_Driver/Inc/Legacy -I../Drivers/CMSIS/Device/ST/STM32F2xx/Include -I../Drivers/CMSIS/Include -O0 -ffunction-sections -fdata-sections -Wall -fstack-usage -MMD -MP -MF"Core/Src/main.d" -MT"Core/Src/main.o" --specs=nano.specs -mfloat-abi=soft -mthumb -o "Core/Src/main.o"
arm-none-eabi-gcc -o "Position_PID_E1_307.elf" @"objects.list"   -mcpu=cortex-m3 -T"C:\Users\ADMIN\Desktop\Practice Micro in UTE\Position_PID_E1_307\STM32F205VCTX_FLASH.ld" --specs=nosys.specs -Wl,-Map="Position_PID_E1_307.map" -Wl,--gc-sections -static --specs=nano.specs -mfloat-abi=soft -mthumb -Wl,--start-group -lc -lm -Wl,--end-group
Finished building target: Position_PID_E1_307.elf
 
arm-none-eabi-size   Position_PID_E1_307.elf 
arm-none-eabi-objdump -h -S  Position_PID_E1_307.elf  > "Position_PID_E1_307.list"
   text	   data	    bss	    dec	    hex	filename
  14956	     32	   1824	  16812	   41ac	Position_PID_E1_307.elf
Finished building: default.size.stdout
 
Finished building: Position_PID_E1_307.list
 
17:48:56 **** Incremental Build of configuration Debug for project Position_PID_E1_307 ****
make -j8 all 
arm-none-eabi-size   Position_PID_E1_307.elf 
   text	   data	    bss	    dec	    hex	filename
  14956	     32	   1824	  16812	   41ac	Position_PID_E1_307.elf
Finished building: default.size.stdout
 
17:49:39 **** Incremental Build of configuration Debug for project Position_PID_E1_307 ****
make -j8 all 
arm-none-eabi-gcc "../Core/Src/main.c" -mcpu=cortex-m3 -std=gnu11 -g3 -DDEBUG -DUSE_HAL_DRIVER -DSTM32F205xx -c -I../Core/Inc -I../Drivers/STM32F2xx_HAL_Driver/Inc -I../Drivers/STM32F2xx_HAL_Driver/Inc/Legacy -I../Drivers/CMSIS/Device/ST/STM32F2xx/Include -I../Drivers/CMSIS/Include -O0 -ffunction-sections -fdata-sections -Wall -fstack-usage -MMD -MP -MF"Core/Src/main.d" -MT"Core/Src/main.o" --specs=nano.specs -mfloat-abi=soft -mthumb -o "Core/Src/main.o"
arm-none-eabi-gcc -o "Position_PID_E1_307.elf" @"objects.list"   -mcpu=cortex-m3 -T"C:\Users\ADMIN\Desktop\Practice Micro in UTE\Position_PID_E1_307\STM32F205VCTX_FLASH.ld" --specs=nosys.specs -Wl,-Map="Position_PID_E1_307.map" -Wl,--gc-sections -static --specs=nano.specs -mfloat-abi=soft -mthumb -Wl,--start-group -lc -lm -Wl,--end-group
Finished building target: Position_PID_E1_307.elf
 
arm-none-eabi-size   Position_PID_E1_307.elf 
arm-none-eabi-objdump -h -S  Position_PID_E1_307.elf  > "Position_PID_E1_307.list"
   text	   data	    bss	    dec	    hex	filename
  14956	     32	   1824	  16812	   41ac	Position_PID_E1_307.elf
Finished building: default.size.stdout
 
Finished building: Position_PID_E1_307.list
 
17:50:08 **** Incremental Build of configuration Debug for project Position_PID_E1_307 ****
make -j8 all 
arm-none-eabi-size   Position_PID_E1_307.elf 
   text	   data	    bss	    dec	    hex	filename
  14956	     32	   1824	  16812	   41ac	Position_PID_E1_307.elf
Finished building: default.size.stdout
 
17:50:30 **** Incremental Build of configuration Debug for project Position_PID_E1_307 ****
make -j8 all 
arm-none-eabi-size   Position_PID_E1_307.elf 
   text	   data	    bss	    dec	    hex	filename
  14956	     32	   1824	  16812	   41ac	Position_PID_E1_307.elf
Finished building: default.size.stdout
 
17:52:04 **** Incremental Build of configuration Debug for project Position_PID_E1_307 ****
make -j8 all 
arm-none-eabi-gcc "../Core/Src/main.c" -mcpu=cortex-m3 -std=gnu11 -g3 -DDEBUG -DUSE_HAL_DRIVER -DSTM32F205xx -c -I../Core/Inc -I../Drivers/STM32F2xx_HAL_Driver/Inc -I../Drivers/STM32F2xx_HAL_Driver/Inc/Legacy -I../Drivers/CMSIS/Device/ST/STM32F2xx/Include -I../Drivers/CMSIS/Include -O0 -ffunction-sections -fdata-sections -Wall -fstack-usage -MMD -MP -MF"Core/Src/main.d" -MT"Core/Src/main.o" --specs=nano.specs -mfloat-abi=soft -mthumb -o "Core/Src/main.o"
arm-none-eabi-gcc -o "Position_PID_E1_307.elf" @"objects.list"   -mcpu=cortex-m3 -T"C:\Users\ADMIN\Desktop\Practice Micro in UTE\Position_PID_E1_307\STM32F205VCTX_FLASH.ld" --specs=nosys.specs -Wl,-Map="Position_PID_E1_307.map" -Wl,--gc-sections -static --specs=nano.specs -mfloat-abi=soft -mthumb -Wl,--start-group -lc -lm -Wl,--end-group
Finished building target: Position_PID_E1_307.elf
 
arm-none-eabi-size   Position_PID_E1_307.elf 
arm-none-eabi-objdump -h -S  Position_PID_E1_307.elf  > "Position_PID_E1_307.list"
   text	   data	    bss	    dec	    hex	filename
  14956	     32	   1824	  16812	   41ac	Position_PID_E1_307.elf
Finished building: default.size.stdout
 
Finished building: Position_PID_E1_307.list
 
17:53:02 **** Incremental Build of configuration Debug for project Position_PID_E1_307 ****
make -j8 all 
arm-none-eabi-size   Position_PID_E1_307.elf 
   text	   data	    bss	    dec	    hex	filename
  14956	     32	   1824	  16812	   41ac	Position_PID_E1_307.elf
Finished building: default.size.stdout
 
17:54:29 **** Incremental Build of configuration Debug for project Position_PID_E1_307 ****
make -j8 all 
arm-none-eabi-size   Position_PID_E1_307.elf 
   text	   data	    bss	    dec	    hex	filename
  14956	     32	   1824	  16812	   41ac	Position_PID_E1_307.elf
Finished building: default.size.stdout
 
17:55:34 **** Incremental Build of configuration Debug for project Position_PID_E1_307 ****
make -j8 all 
arm-none-eabi-size   Position_PID_E1_307.elf 
   text	   data	    bss	    dec	    hex	filename
  14956	     32	   1824	  16812	   41ac	Position_PID_E1_307.elf
Finished building: default.size.stdout
 
17:59:01 **** Incremental Build of configuration Debug for project Position_PID_E1_307 ****
make -j8 all 
arm-none-eabi-gcc "../Core/Src/main.c" -mcpu=cortex-m3 -std=gnu11 -g3 -DDEBUG -DUSE_HAL_DRIVER -DSTM32F205xx -c -I../Core/Inc -I../Drivers/STM32F2xx_HAL_Driver/Inc -I../Drivers/STM32F2xx_HAL_Driver/Inc/Legacy -I../Drivers/CMSIS/Device/ST/STM32F2xx/Include -I../Drivers/CMSIS/Include -O0 -ffunction-sections -fdata-sections -Wall -fstack-usage -MMD -MP -MF"Core/Src/main.d" -MT"Core/Src/main.o" --specs=nano.specs -mfloat-abi=soft -mthumb -o "Core/Src/main.o"
arm-none-eabi-gcc -o "Position_PID_E1_307.elf" @"objects.list"   -mcpu=cortex-m3 -T"C:\Users\ADMIN\Desktop\Practice Micro in UTE\Position_PID_E1_307\STM32F205VCTX_FLASH.ld" --specs=nosys.specs -Wl,-Map="Position_PID_E1_307.map" -Wl,--gc-sections -static --specs=nano.specs -mfloat-abi=soft -mthumb -Wl,--start-group -lc -lm -Wl,--end-group
Finished building target: Position_PID_E1_307.elf
 
arm-none-eabi-size   Position_PID_E1_307.elf 
arm-none-eabi-objdump -h -S  Position_PID_E1_307.elf  > "Position_PID_E1_307.list"
   text	   data	    bss	    dec	    hex	filename
  14980	     32	   1824	  16836	   41c4	Position_PID_E1_307.elf
Finished building: default.size.stdout
 
Finished building: Position_PID_E1_307.list
 
17:59:42 **** Incremental Build of configuration Debug for project Position_PID_E1_307 ****
make -j8 all 
arm-none-eabi-size   Position_PID_E1_307.elf 
   text	   data	    bss	    dec	    hex	filename
  14980	     32	   1824	  16836	   41c4	Position_PID_E1_307.elf
Finished building: default.size.stdout
 
18:00:27 **** Incremental Build of configuration Debug for project Position_PID_E1_307 ****
make -j8 all 
arm-none-eabi-gcc "../Core/Src/main.c" -mcpu=cortex-m3 -std=gnu11 -g3 -DDEBUG -DUSE_HAL_DRIVER -DSTM32F205xx -c -I../Core/Inc -I../Drivers/STM32F2xx_HAL_Driver/Inc -I../Drivers/STM32F2xx_HAL_Driver/Inc/Legacy -I../Drivers/CMSIS/Device/ST/STM32F2xx/Include -I../Drivers/CMSIS/Include -O0 -ffunction-sections -fdata-sections -Wall -fstack-usage -MMD -MP -MF"Core/Src/main.d" -MT"Core/Src/main.o" --specs=nano.specs -mfloat-abi=soft -mthumb -o "Core/Src/main.o"
arm-none-eabi-gcc -o "Position_PID_E1_307.elf" @"objects.list"   -mcpu=cortex-m3 -T"C:\Users\ADMIN\Desktop\Practice Micro in UTE\Position_PID_E1_307\STM32F205VCTX_FLASH.ld" --specs=nosys.specs -Wl,-Map="Position_PID_E1_307.map" -Wl,--gc-sections -static --specs=nano.specs -mfloat-abi=soft -mthumb -Wl,--start-group -lc -lm -Wl,--end-group
Finished building target: Position_PID_E1_307.elf
 
arm-none-eabi-size   Position_PID_E1_307.elf 
arm-none-eabi-objdump -h -S  Position_PID_E1_307.elf  > "Position_PID_E1_307.list"
   text	   data	    bss	    dec	    hex	filename
  14980	     32	   1824	  16836	   41c4	Position_PID_E1_307.elf
Finished building: default.size.stdout
 
Finished building: Position_PID_E1_307.list
 
18:02:05 **** Incremental Build of configuration Debug for project Position_PID_E1_307 ****
make -j8 all 
arm-none-eabi-size   Position_PID_E1_307.elf 
   text	   data	    bss	    dec	    hex	filename
  14980	     32	   1824	  16836	   41c4	Position_PID_E1_307.elf
Finished building: default.size.stdout
 
18:04:55 **** Incremental Build of configuration Debug for project Position_PID_E1_307 ****
make -j8 all 
arm-none-eabi-gcc "../Core/Src/main.c" -mcpu=cortex-m3 -std=gnu11 -g3 -DDEBUG -DUSE_HAL_DRIVER -DSTM32F205xx -c -I../Core/Inc -I../Drivers/STM32F2xx_HAL_Driver/Inc -I../Drivers/STM32F2xx_HAL_Driver/Inc/Legacy -I../Drivers/CMSIS/Device/ST/STM32F2xx/Include -I../Drivers/CMSIS/Include -O0 -ffunction-sections -fdata-sections -Wall -fstack-usage -MMD -MP -MF"Core/Src/main.d" -MT"Core/Src/main.o" --specs=nano.specs -mfloat-abi=soft -mthumb -o "Core/Src/main.o"
arm-none-eabi-gcc -o "Position_PID_E1_307.elf" @"objects.list"   -mcpu=cortex-m3 -T"C:\Users\ADMIN\Desktop\Practice Micro in UTE\Position_PID_E1_307\STM32F205VCTX_FLASH.ld" --specs=nosys.specs -Wl,-Map="Position_PID_E1_307.map" -Wl,--gc-sections -static --specs=nano.specs -mfloat-abi=soft -mthumb -Wl,--start-group -lc -lm -Wl,--end-group
Finished building target: Position_PID_E1_307.elf
 
arm-none-eabi-size   Position_PID_E1_307.elf 
arm-none-eabi-objdump -h -S  Position_PID_E1_307.elf  > "Position_PID_E1_307.list"
   text	   data	    bss	    dec	    hex	filename
  14980	     36	   1820	  16836	   41c4	Position_PID_E1_307.elf
Finished building: default.size.stdout
 
Finished building: Position_PID_E1_307.list
 
18:05:44 **** Incremental Build of configuration Debug for project Position_PID_E1_307 ****
make -j8 all 
arm-none-eabi-gcc "../Core/Src/main.c" -mcpu=cortex-m3 -std=gnu11 -g3 -DDEBUG -DUSE_HAL_DRIVER -DSTM32F205xx -c -I../Core/Inc -I../Drivers/STM32F2xx_HAL_Driver/Inc -I../Drivers/STM32F2xx_HAL_Driver/Inc/Legacy -I../Drivers/CMSIS/Device/ST/STM32F2xx/Include -I../Drivers/CMSIS/Include -O0 -ffunction-sections -fdata-sections -Wall -fstack-usage -MMD -MP -MF"Core/Src/main.d" -MT"Core/Src/main.o" --specs=nano.specs -mfloat-abi=soft -mthumb -o "Core/Src/main.o"
arm-none-eabi-gcc -o "Position_PID_E1_307.elf" @"objects.list"   -mcpu=cortex-m3 -T"C:\Users\ADMIN\Desktop\Practice Micro in UTE\Position_PID_E1_307\STM32F205VCTX_FLASH.ld" --specs=nosys.specs -Wl,-Map="Position_PID_E1_307.map" -Wl,--gc-sections -static --specs=nano.specs -mfloat-abi=soft -mthumb -Wl,--start-group -lc -lm -Wl,--end-group
Finished building target: Position_PID_E1_307.elf
 
arm-none-eabi-size   Position_PID_E1_307.elf 
arm-none-eabi-objdump -h -S  Position_PID_E1_307.elf  > "Position_PID_E1_307.list"
   text	   data	    bss	    dec	    hex	filename
  14980	     36	   1820	  16836	   41c4	Position_PID_E1_307.elf
Finished building: default.size.stdout
 
Finished building: Position_PID_E1_307.list
 
18:08:40 **** Incremental Build of configuration Debug for project Position_PID_E1_307 ****
make -j8 all 
arm-none-eabi-gcc "../Core/Src/main.c" -mcpu=cortex-m3 -std=gnu11 -g3 -DDEBUG -DUSE_HAL_DRIVER -DSTM32F205xx -c -I../Core/Inc -I../Drivers/STM32F2xx_HAL_Driver/Inc -I../Drivers/STM32F2xx_HAL_Driver/Inc/Legacy -I../Drivers/CMSIS/Device/ST/STM32F2xx/Include -I../Drivers/CMSIS/Include -O0 -ffunction-sections -fdata-sections -Wall -fstack-usage -MMD -MP -MF"Core/Src/main.d" -MT"Core/Src/main.o" --specs=nano.specs -mfloat-abi=soft -mthumb -o "Core/Src/main.o"
../Core/Src/main.c: In function 'HAL_TIM_PeriodElapsedCallback':
../Core/Src/main.c:122:15: error: expected ';' before '}' token
  122 |     ei2 =-1000
      |               ^
      |               ;
  123 |    }
      |    ~           
make: *** [Core/Src/subdir.mk:34: Core/Src/main.o] Error 1
"make -j8 all" terminated with exit code 2. Build might be incomplete.
18:08:50 **** Incremental Build of configuration Debug for project Position_PID_E1_307 ****
make -j8 all 
arm-none-eabi-gcc "../Core/Src/main.c" -mcpu=cortex-m3 -std=gnu11 -g3 -DDEBUG -DUSE_HAL_DRIVER -DSTM32F205xx -c -I../Core/Inc -I../Drivers/STM32F2xx_HAL_Driver/Inc -I../Drivers/STM32F2xx_HAL_Driver/Inc/Legacy -I../Drivers/CMSIS/Device/ST/STM32F2xx/Include -I../Drivers/CMSIS/Include -O0 -ffunction-sections -fdata-sections -Wall -fstack-usage -MMD -MP -MF"Core/Src/main.d" -MT"Core/Src/main.o" --specs=nano.specs -mfloat-abi=soft -mthumb -o "Core/Src/main.o"
../Core/Src/main.c: In function 'HAL_TIM_PeriodElapsedCallback':
../Core/Src/main.c:122:15: error: expected ';' before '}' token
  122 |     ei2 =-1000
      |               ^
      |               ;
  123 |    }
      |    ~           
make: *** [Core/Src/subdir.mk:34: Core/Src/main.o] Error 1
"make -j8 all" terminated with exit code 2. Build might be incomplete.
18:09:05 **** Incremental Build of configuration Debug for project Position_PID_E1_307 ****
make -j8 all 
arm-none-eabi-gcc "../Core/Src/main.c" -mcpu=cortex-m3 -std=gnu11 -g3 -DDEBUG -DUSE_HAL_DRIVER -DSTM32F205xx -c -I../Core/Inc -I../Drivers/STM32F2xx_HAL_Driver/Inc -I../Drivers/STM32F2xx_HAL_Driver/Inc/Legacy -I../Drivers/CMSIS/Device/ST/STM32F2xx/Include -I../Drivers/CMSIS/Include -O0 -ffunction-sections -fdata-sections -Wall -fstack-usage -MMD -MP -MF"Core/Src/main.d" -MT"Core/Src/main.o" --specs=nano.specs -mfloat-abi=soft -mthumb -o "Core/Src/main.o"
arm-none-eabi-gcc -o "Position_PID_E1_307.elf" @"objects.list"   -mcpu=cortex-m3 -T"C:\Users\ADMIN\Desktop\Practice Micro in UTE\Position_PID_E1_307\STM32F205VCTX_FLASH.ld" --specs=nosys.specs -Wl,-Map="Position_PID_E1_307.map" -Wl,--gc-sections -static --specs=nano.specs -mfloat-abi=soft -mthumb -Wl,--start-group -lc -lm -Wl,--end-group
Finished building target: Position_PID_E1_307.elf
 
arm-none-eabi-size   Position_PID_E1_307.elf 
arm-none-eabi-objdump -h -S  Position_PID_E1_307.elf  > "Position_PID_E1_307.list"
   text	   data	    bss	    dec	    hex	filename
  15268	     36	   1820	  17124	   42e4	Position_PID_E1_307.elf
Finished building: default.size.stdout
 
Finished building: Position_PID_E1_307.list
 
18:13:10 **** Incremental Build of configuration Debug for project Position_PID_E1_307 ****
make -j8 all 
arm-none-eabi-gcc "../Core/Src/main.c" -mcpu=cortex-m3 -std=gnu11 -g3 -DDEBUG -DUSE_HAL_DRIVER -DSTM32F205xx -c -I../Core/Inc -I../Drivers/STM32F2xx_HAL_Driver/Inc -I../Drivers/STM32F2xx_HAL_Driver/Inc/Legacy -I../Drivers/CMSIS/Device/ST/STM32F2xx/Include -I../Drivers/CMSIS/Include -O0 -ffunction-sections -fdata-sections -Wall -fstack-usage -MMD -MP -MF"Core/Src/main.d" -MT"Core/Src/main.o" --specs=nano.specs -mfloat-abi=soft -mthumb -o "Core/Src/main.o"
arm-none-eabi-gcc -o "Position_PID_E1_307.elf" @"objects.list"   -mcpu=cortex-m3 -T"C:\Users\ADMIN\Desktop\Practice Micro in UTE\Position_PID_E1_307\STM32F205VCTX_FLASH.ld" --specs=nosys.specs -Wl,-Map="Position_PID_E1_307.map" -Wl,--gc-sections -static --specs=nano.specs -mfloat-abi=soft -mthumb -Wl,--start-group -lc -lm -Wl,--end-group
Finished building target: Position_PID_E1_307.elf
 
arm-none-eabi-size   Position_PID_E1_307.elf 
arm-none-eabi-objdump -h -S  Position_PID_E1_307.elf  > "Position_PID_E1_307.list"
   text	   data	    bss	    dec	    hex	filename
  15276	     36	   1820	  17132	   42ec	Position_PID_E1_307.elf
Finished building: default.size.stdout
 
Finished building: Position_PID_E1_307.list
 
18:15:33 **** Incremental Build of configuration Debug for project Position_PID_E1_307 ****
make -j8 all 
arm-none-eabi-gcc "../Core/Src/main.c" -mcpu=cortex-m3 -std=gnu11 -g3 -DDEBUG -DUSE_HAL_DRIVER -DSTM32F205xx -c -I../Core/Inc -I../Drivers/STM32F2xx_HAL_Driver/Inc -I../Drivers/STM32F2xx_HAL_Driver/Inc/Legacy -I../Drivers/CMSIS/Device/ST/STM32F2xx/Include -I../Drivers/CMSIS/Include -O0 -ffunction-sections -fdata-sections -Wall -fstack-usage -MMD -MP -MF"Core/Src/main.d" -MT"Core/Src/main.o" --specs=nano.specs -mfloat-abi=soft -mthumb -o "Core/Src/main.o"
arm-none-eabi-gcc -o "Position_PID_E1_307.elf" @"objects.list"   -mcpu=cortex-m3 -T"C:\Users\ADMIN\Desktop\Practice Micro in UTE\Position_PID_E1_307\STM32F205VCTX_FLASH.ld" --specs=nosys.specs -Wl,-Map="Position_PID_E1_307.map" -Wl,--gc-sections -static --specs=nano.specs -mfloat-abi=soft -mthumb -Wl,--start-group -lc -lm -Wl,--end-group
Finished building target: Position_PID_E1_307.elf
 
arm-none-eabi-size   Position_PID_E1_307.elf 
arm-none-eabi-objdump -h -S  Position_PID_E1_307.elf  > "Position_PID_E1_307.list"
   text	   data	    bss	    dec	    hex	filename
  15268	     36	   1820	  17124	   42e4	Position_PID_E1_307.elf
Finished building: default.size.stdout
 
Finished building: Position_PID_E1_307.list
 
18:17:20 **** Incremental Build of configuration Debug for project Position_PID_E1_307 ****
make -j8 all 
arm-none-eabi-size   Position_PID_E1_307.elf 
   text	   data	    bss	    dec	    hex	filename
  15268	     36	   1820	  17124	   42e4	Position_PID_E1_307.elf
Finished building: default.size.stdout
 
