18:43:11 **** Incremental Build of configuration Debug for project Pos_E1_307 ****
make -j8 all 
arm-none-eabi-gcc "../Core/Src/main.c" -mcpu=cortex-m3 -std=gnu11 -g3 -DDEBUG -DUSE_HAL_DRIVER -DSTM32F103xE -c -I../Core/Inc -I../Drivers/STM32F1xx_HAL_Driver/Inc/Legacy -I../Drivers/STM32F1xx_HAL_Driver/Inc -I../Drivers/CMSIS/Device/ST/STM32F1xx/Include -I../Drivers/CMSIS/Include -O0 -ffunction-sections -fdata-sections -Wall -fstack-usage -MMD -MP -MF"Core/Src/main.d" -MT"Core/Src/main.o" --specs=nano.specs -mfloat-abi=soft -mthumb -o "Core/Src/main.o"
arm-none-eabi-gcc -o "Pos_E1_307.elf" @"objects.list"   -mcpu=cortex-m3 -T"D:\GitKraken\Practice_micro_UTE\Pos_E1_307\STM32F103RCTX_FLASH.ld" --specs=nosys.specs -Wl,-Map="Pos_E1_307.map" -Wl,--gc-sections -static --specs=nano.specs -mfloat-abi=soft -mthumb -Wl,--start-group -lc -lm -Wl,--end-group
Finished building target: Pos_E1_307.elf
 
arm-none-eabi-size   Pos_E1_307.elf 
arm-none-eabi-objdump -h -S  Pos_E1_307.elf  > "Pos_E1_307.list"
   text	   data	    bss	    dec	    hex	filename
  13632	     36	   1748	  15416	   3c38	Pos_E1_307.elf
Finished building: default.size.stdout
 
Finished building: Pos_E1_307.list
 

18:43:12 Build Finished. 0 errors, 0 warnings. (took 554ms)

